F....................................................................... [ 83%]
..........ssss                                                           [100%]
=================================== FAILURES ===================================
____________ TestGitAdapter.test_local_git_adapter_preserves_patch _____________

self = <drift_gate.tests.test_validator.TestGitAdapter object at 0x107f59950>
monkeypatch = <_pytest.monkeypatch.MonkeyPatch object at 0x109382510>
tmp_path = PosixPath('/private/var/folders/2d/h0vh4j9s3fd1x6tq026j1frh0000gn/T/pytest-of-moon/pytest-157/test_local_git_adapter_preserv0')

    def test_local_git_adapter_preserves_patch(self, monkeypatch, tmp_path):
        """로컬 CLI 모드도 GitHub PR API처럼 ChangedFile.patch를 채운다."""
        from drift_gate.adapters.git.client import GitAdapter
    
        calls = []
        target = tmp_path / 'src/routes/users.ts'
        target.parent.mkdir(parents=True)
        target.write_text('new\n')
    
        def fake_git(args, cwd):
            calls.append(args)
            if "rev-parse" in args:
                return b"abc123\n"
            if "--name-status" in args:
                return b"M\0src/routes/users.ts\0"
            if args[0] == 'cat-file':
                return b'4\n'
            if args[0] == 'show':
                return b'old\n'
            return b"diff --git a/src/routes/users.ts b/src/routes/users.ts\n@@ -1 +1 @@\n-old\n+new\n"
    
        monkeypatch.setattr("drift_gate.adapters.git.client._git", fake_git)
        files = GitAdapter(tmp_path).get_changed_files("main")
        assert len(files) == 1 and files[0].path == "src/routes/users.ts"
        assert files[0].patch.startswith("diff --git")
>       assert files[0].before_source == 'old\n' and files[0].after_source == 'new\n'
E       AssertionError: assert ('old\n' == 'old\n'
E         
E           old and None == 'new\n')
E        +  where None = ChangedFile(path='src/routes/users.ts', status='modified', previous_path=None, patch='diff --git a/src/routes/users.ts...ed', analysis_reason='', documented_env_keys=None, document_input_state='', document_error='', route_analysis_error='').after_source

drift_gate/tests/test_validator.py:379: AssertionError
=========================== short test summary info ============================
FAILED drift_gate/tests/test_validator.py::TestGitAdapter::test_local_git_adapter_preserves_patch
1 failed, 81 passed, 4 skipped in 0.21s
