vite v7.3.6 building client environment for production...
transforming...
node_modules/zod/v4/core/util.js (400:0): A comment

"// Wrapped in a `@__PURE__` IIFE: esbuild never tree-shakes a top-level initializer that contains a member access on `Number`, so the bare object literal survived into every bundle."

in "node_modules/zod/v4/core/util.js" contains an annotation that Rollup cannot interpret due to the position of the comment. The comment will be removed to avoid issues.
node_modules/zod/v4/core/regexes.js (74:0): A comment

"/** Anchors a pattern source. The interpolation lives here rather than at the call site because
 * esbuild will not drop a `@__PURE__` call whose own argument interpolates a variable, but it
 * will drop `anchor(dateSource)`. Keeping it inline pinned `date` into every bundle. */"

in "node_modules/zod/v4/core/regexes.js" contains an annotation that Rollup cannot interpret due to the position of the comment. The comment will be removed to avoid issues.
✓ 2508 modules transformed.
rendering chunks...
computing gzip size...
../../../../../private/tmp/driftgate-snapshot-web-2026-10-07/index.html                                                 0.39 kB │ gzip:   0.29 kB
../../../../../private/tmp/driftgate-snapshot-web-2026-10-07/assets/index-BC-cBnJu.css                                 47.17 kB │ gzip:  10.69 kB
../../../../../private/tmp/driftgate-snapshot-web-2026-10-07/assets/codeowners-Bp6g37R7.js                              0.55 kB │ gzip:   0.32 kB
../../../../../private/tmp/driftgate-snapshot-web-2026-10-07/assets/shellsession-BADoaaVG.js                            0.71 kB │ gzip:   0.43 kB
../../../../../private/tmp/driftgate-snapshot-web-2026-10-07/assets/tsv-B_m7g4N7.js                                     0.74 kB │ gzip:   0.34 kB
../../../../../private/tmp/driftgate-snapshot-web-2026-10-07/assets/html-derivative-DlHx6ybY.js                         0.90 kB │ gzip:   0.50 kB
../../../../../private/tmp/driftgate-snapshot-web-2026-10-07/assets/git-rebase-r7XF79zn.js                              0.98 kB │ gzip:   0.44 kB
../../../../../private/tmp/driftgate-snapshot-web-2026-10-07/assets/qmldir-C8lEn-DE.js                                  1.00 kB │ gzip:   0.45 kB
../../../../../private/tmp/driftgate-snapshot-web-2026-10-07/assets/csv-fuZLfV_i.js                                     1.14 kB │ gzip:   0.37 kB
../../../../../private/tmp/driftgate-snapshot-web-2026-10-07/assets/git-commit-F4YmCXRG.js                              1.23 kB │ gzip:   0.52 kB
../../../../../private/tmp/driftgate-snapshot-web-2026-10-07/assets/xsl-CtQFsRM5.js                                     1.39 kB │ gzip:   0.52 kB
../../../../../private/tmp/driftgate-snapshot-web-2026-10-07/assets/dotenv-Da5cRb03.js                                  1.42 kB │ gzip:   0.53 kB
../../../../../private/tmp/driftgate-snapshot-web-2026-10-07/assets/sparql-rVzFXLq3.js                                  1.48 kB │ gzip:   0.82 kB
../../../../../private/tmp/driftgate-snapshot-web-2026-10-07/assets/ini-BEwlwnbL.js                                     1.53 kB │ gzip:   0.50 kB
../../../../../private/tmp/driftgate-snapshot-web-2026-10-07/assets/fortran-fixed-form-CkoXwp7k.js                      1.67 kB │ gzip:   0.69 kB
../../../../../private/tmp/driftgate-snapshot-web-2026-10-07/assets/docker-BcOcwvcX.js                                  1.74 kB │ gzip:   0.60 kB
../../../../../private/tmp/driftgate-snapshot-web-2026-10-07/assets/desktop-BmXAJ9_W.js                                 1.83 kB │ gzip:   0.76 kB
../../../../../private/tmp/driftgate-snapshot-web-2026-10-07/assets/hxml-2-FPmUDs.js                                    1.89 kB │ gzip:   0.90 kB
../../../../../private/tmp/driftgate-snapshot-web-2026-10-07/assets/wenyan-BV7otONQ.js                                  2.16 kB │ gzip:   1.06 kB
../../../../../private/tmp/driftgate-snapshot-web-2026-10-07/assets/jssm-C2t-YnRu.js                                    2.24 kB │ gzip:   0.62 kB
../../../../../private/tmp/driftgate-snapshot-web-2026-10-07/assets/reg-C-SQnVFl.js                                     2.35 kB │ gzip:   0.70 kB
../../../../../private/tmp/driftgate-snapshot-web-2026-10-07/assets/edge-FbVlp4U3.js                                    2.36 kB │ gzip:   0.70 kB
../../../../../private/tmp/driftgate-snapshot-web-2026-10-07/assets/diff-D97Zzqfu.js                                    2.57 kB │ gzip:   0.69 kB
../../../../../private/tmp/driftgate-snapshot-web-2026-10-07/assets/gleam-BspZqrRM.js                                   2.58 kB │ gzip:   0.82 kB
../../../../../private/tmp/driftgate-snapshot-web-2026-10-07/assets/erb-DXfck5VN.js                                     2.61 kB │ gzip:   0.84 kB
../../../../../private/tmp/driftgate-snapshot-web-2026-10-07/assets/hy-DFXneXwc.js                                      2.65 kB │ gzip:   1.17 kB
../../../../../private/tmp/driftgate-snapshot-web-2026-10-07/assets/json-Cp-IABpG.js                                    2.82 kB │ gzip:   0.78 kB
../../../../../private/tmp/driftgate-snapshot-web-2026-10-07/assets/openscad-C4EeE6gA.js                                2.82 kB │ gzip:   1.01 kB
../../../../../private/tmp/driftgate-snapshot-web-2026-10-07/assets/log-2UxHyX5q.js                                     2.85 kB │ gzip:   0.89 kB
../../../../../private/tmp/driftgate-snapshot-web-2026-10-07/assets/cairo-KRGpt6FW.js                                   2.94 kB │ gzip:   0.81 kB
../../../../../private/tmp/driftgate-snapshot-web-2026-10-07/assets/berry-uYugtg8r.js                                   3.01 kB │ gzip:   0.81 kB
../../../../../private/tmp/driftgate-snapshot-web-2026-10-07/assets/jsonl-DcaNXYhu.js                                   3.01 kB │ gzip:   0.79 kB
../../../../../private/tmp/driftgate-snapshot-web-2026-10-07/assets/jsonc-Des-eS-w.js                                   3.11 kB │ gzip:   0.79 kB
../../../../../private/tmp/driftgate-snapshot-web-2026-10-07/assets/logo-BtOb2qkB.js                                    3.13 kB │ gzip:   1.48 kB
../../../../../private/tmp/driftgate-snapshot-web-2026-10-07/assets/po-BTJTHyun.js                                      3.24 kB │ gzip:   0.91 kB
../../../../../private/tmp/driftgate-snapshot-web-2026-10-07/assets/json5-C9tS-k6U.js                                   3.25 kB │ gzip:   0.83 kB
../../../../../private/tmp/driftgate-snapshot-web-2026-10-07/assets/mipsasm-CKIfxQSi.js                                 3.26 kB │ gzip:   1.17 kB
../../../../../private/tmp/driftgate-snapshot-web-2026-10-07/assets/tasl-QIJgUcNo.js                                    3.29 kB │ gzip:   0.85 kB
../../../../../private/tmp/driftgate-snapshot-web-2026-10-07/assets/rbs-CpoqiR4B.js                                     3.31 kB │ gzip:   0.73 kB
../../../../../private/tmp/driftgate-snapshot-web-2026-10-07/assets/genie-D0YGMca9.js                                   3.36 kB │ gzip:   1.21 kB
../../../../../private/tmp/driftgate-snapshot-web-2026-10-07/assets/rel-C3B-1QV4.js                                     3.37 kB │ gzip:   1.10 kB
../../../../../private/tmp/driftgate-snapshot-web-2026-10-07/assets/vala-CsfeWuGM.js                                    3.37 kB │ gzip:   1.18 kB
../../../../../private/tmp/driftgate-snapshot-web-2026-10-07/assets/splunk-BtCnVYZw.js                                  3.44 kB │ gzip:   1.53 kB
../../../../../private/tmp/driftgate-snapshot-web-2026-10-07/assets/fluent-C4IJs8-o.js                                  3.61 kB │ gzip:   0.90 kB
../../../../../private/tmp/driftgate-snapshot-web-2026-10-07/assets/ssh-config-_ykCGR6B.js                              3.62 kB │ gzip:   1.61 kB
../../../../../private/tmp/driftgate-snapshot-web-2026-10-07/assets/jsonnet-DFQXde-d.js                                 3.62 kB │ gzip:   1.05 kB
../../../../../private/tmp/driftgate-snapshot-web-2026-10-07/assets/kdl-DV7GczEv.js                                     3.63 kB │ gzip:   1.03 kB
../../../../../private/tmp/driftgate-snapshot-web-2026-10-07/assets/glsl-DplSGwfg.js                                    3.63 kB │ gzip:   1.42 kB
../../../../../private/tmp/driftgate-snapshot-web-2026-10-07/assets/hurl-irOxFIW8.js                                    3.65 kB │ gzip:   1.16 kB
../../../../../private/tmp/driftgate-snapshot-web-2026-10-07/assets/narrat-DRg8JJMk.js                                  3.67 kB │ gzip:   1.12 kB
../../../../../private/tmp/driftgate-snapshot-web-2026-10-07/assets/turtle-BsS91CYL.js                                  3.70 kB │ gzip:   0.97 kB
../../../../../private/tmp/driftgate-snapshot-web-2026-10-07/assets/zenscript-DVFEvuxE.js                               3.91 kB │ gzip:   1.29 kB
../../../../../private/tmp/driftgate-snapshot-web-2026-10-07/assets/ron-D8l8udqQ.js                                     3.91 kB │ gzip:   0.98 kB
../../../../../private/tmp/driftgate-snapshot-web-2026-10-07/assets/gn-n2N0HUVH.js                                      4.00 kB │ gzip:   1.50 kB
../../../../../private/tmp/driftgate-snapshot-web-2026-10-07/assets/pascal-D93ZcfNL.js                                  4.15 kB │ gzip:   1.68 kB
../../../../../private/tmp/driftgate-snapshot-web-2026-10-07/assets/tcl-dwOrl1Do.js                                     4.43 kB │ gzip:   1.51 kB
../../../../../private/tmp/driftgate-snapshot-web-2026-10-07/assets/nextflow-C-mBbutL.js                                4.51 kB │ gzip:   1.16 kB
../../../../../private/tmp/driftgate-snapshot-web-2026-10-07/assets/rosmsg-BJDFO7_C.js                                  4.52 kB │ gzip:   1.06 kB
../../../../../private/tmp/driftgate-snapshot-web-2026-10-07/assets/http-jrhK8wxY.js                                    4.55 kB │ gzip:   1.12 kB
../../../../../private/tmp/driftgate-snapshot-web-2026-10-07/assets/polar-C0HS_06l.js                                   4.67 kB │ gzip:   1.13 kB
../../../../../private/tmp/driftgate-snapshot-web-2026-10-07/assets/sdbl-DVxCFoDh.js                                    4.70 kB │ gzip:   1.97 kB
../../../../../private/tmp/driftgate-snapshot-web-2026-10-07/assets/fennel-BYunw83y.js                                  4.77 kB │ gzip:   1.56 kB
../../../../../private/tmp/driftgate-snapshot-web-2026-10-07/assets/bibtex-CHM0blh-.js                                  4.80 kB │ gzip:   0.83 kB
../../../../../private/tmp/driftgate-snapshot-web-2026-10-07/assets/llvm-BZoOZj88.js                                    5.04 kB │ gzip:   2.03 kB
../../../../../private/tmp/driftgate-snapshot-web-2026-10-07/assets/wgsl-Dx-B1_4e.js                                    5.14 kB │ gzip:   1.38 kB
../../../../../private/tmp/driftgate-snapshot-web-2026-10-07/assets/gdresource-TyuKm33G.js                              5.29 kB │ gzip:   1.34 kB
../../../../../private/tmp/driftgate-snapshot-web-2026-10-07/assets/qml-3beO22l8.js                                     5.34 kB │ gzip:   1.38 kB
../../../../../private/tmp/driftgate-snapshot-web-2026-10-07/assets/zig-VOosw3JB.js                                     5.34 kB │ gzip:   1.55 kB
../../../../../private/tmp/driftgate-snapshot-web-2026-10-07/assets/dax-CEL-wOlO.js                                     5.37 kB │ gzip:   2.20 kB
../../../../../private/tmp/driftgate-snapshot-web-2026-10-07/assets/bicep-Bmn6On1c.js                                   5.38 kB │ gzip:   1.15 kB
../../../../../private/tmp/driftgate-snapshot-web-2026-10-07/assets/xml-sdJ4AIDG.js                                     5.38 kB │ gzip:   1.21 kB
../../../../../private/tmp/driftgate-snapshot-web-2026-10-07/assets/awk-DMzUqQB5.js                                     5.46 kB │ gzip:   1.37 kB
../../../../../private/tmp/driftgate-snapshot-web-2026-10-07/assets/jinja-f2NsQr07.js                                   5.69 kB │ gzip:   1.40 kB
../../../../../private/tmp/driftgate-snapshot-web-2026-10-07/assets/lean-BZvkOJ9d.js                                    5.78 kB │ gzip:   1.92 kB
../../../../../private/tmp/driftgate-snapshot-web-2026-10-07/assets/powerquery-CEu0bR-o.js                              5.90 kB │ gzip:   1.52 kB
../../../../../private/tmp/driftgate-snapshot-web-2026-10-07/assets/shaderlab-Dg9Lc6iA.js                               5.92 kB │ gzip:   2.08 kB
../../../../../private/tmp/driftgate-snapshot-web-2026-10-07/assets/cypher-COkxafJQ.js                                  5.96 kB │ gzip:   1.71 kB
../../../../../private/tmp/driftgate-snapshot-web-2026-10-07/assets/coq-C7JzOVbR.js                                     6.01 kB │ gzip:   1.96 kB
../../../../../private/tmp/driftgate-snapshot-web-2026-10-07/assets/vb-Cu-pLBUe.js                                      6.08 kB │ gzip:   2.31 kB
../../../../../private/tmp/driftgate-snapshot-web-2026-10-07/assets/min-dark-CafNBF8u.js                                6.29 kB │ gzip:   1.72 kB
../../../../../private/tmp/driftgate-snapshot-web-2026-10-07/assets/gdshader-DkwncUOv.js                                6.33 kB │ gzip:   1.73 kB
../../../../../private/tmp/driftgate-snapshot-web-2026-10-07/assets/ara-BRHolxvo.js                                     6.36 kB │ gzip:   1.80 kB
../../../../../private/tmp/driftgate-snapshot-web-2026-10-07/assets/verilog-nZwndyjY.js                                 6.41 kB │ gzip:   1.94 kB
../../../../../private/tmp/driftgate-snapshot-web-2026-10-07/assets/clojure-P80f7IUj.js                                 6.41 kB │ gzip:   1.42 kB
../../../../../private/tmp/driftgate-snapshot-web-2026-10-07/assets/postcss-CXtECtnM.js                                 6.42 kB │ gzip:   1.92 kB
../../../../../private/tmp/driftgate-snapshot-web-2026-10-07/assets/red-hvxz__6c.js                                     6.42 kB │ gzip:   1.63 kB
../../../../../private/tmp/driftgate-snapshot-web-2026-10-07/assets/toml-vGWfd6FD.js                                    6.43 kB │ gzip:   1.28 kB
../../../../../private/tmp/driftgate-snapshot-web-2026-10-07/assets/proto-C7zT0LnQ.js                                   6.55 kB │ gzip:   1.42 kB
../../../../../private/tmp/driftgate-snapshot-web-2026-10-07/assets/chapel-DTp_pixX.js                                  6.62 kB │ gzip:   1.85 kB
../../../../../private/tmp/driftgate-snapshot-web-2026-10-07/assets/solarized-light-Dlz6yCKv.js                         6.63 kB │ gzip:   1.77 kB
../../../../../private/tmp/driftgate-snapshot-web-2026-10-07/assets/r-Cf5RLm7j.js                                       6.74 kB │ gzip:   1.83 kB
../../../../../private/tmp/driftgate-snapshot-web-2026-10-07/assets/talonscript-CkByrt1z.js                             6.76 kB │ gzip:   1.49 kB
../../../../../private/tmp/driftgate-snapshot-web-2026-10-07/assets/riscv-BM1_JUlF.js                                   6.91 kB │ gzip:   1.98 kB
../../../../../private/tmp/driftgate-snapshot-web-2026-10-07/assets/min-light-CTRr51gU.js                               6.97 kB │ gzip:   1.90 kB
../../../../../private/tmp/driftgate-snapshot-web-2026-10-07/assets/soy-8wufbnw4.js                                     6.98 kB │ gzip:   1.65 kB
../../../../../private/tmp/driftgate-snapshot-web-2026-10-07/assets/solarized-dark-CpvCGNkr.js                          7.00 kB │ gzip:   1.85 kB
../../../../../private/tmp/driftgate-snapshot-web-2026-10-07/assets/scheme-C98Dy4si.js                                  7.17 kB │ gzip:   2.06 kB
../../../../../private/tmp/driftgate-snapshot-web-2026-10-07/assets/hlsl-D3lLCCz7.js                                    7.26 kB │ gzip:   2.18 kB
../../../../../private/tmp/driftgate-snapshot-web-2026-10-07/assets/qss-IeuSbFQv.js                                     7.47 kB │ gzip:   2.59 kB
../../../../../private/tmp/driftgate-snapshot-web-2026-10-07/assets/prisma-Vru482bI.js                                  7.74 kB │ gzip:   1.48 kB
../../../../../private/tmp/driftgate-snapshot-web-2026-10-07/assets/systemd-4A_iFExJ.js                                 7.87 kB │ gzip:   2.53 kB
../../../../../private/tmp/driftgate-snapshot-web-2026-10-07/assets/regexp-CDVJQ6XC.js                                  7.99 kB │ gzip:   1.42 kB
../../../../../private/tmp/driftgate-snapshot-web-2026-10-07/assets/monokai-BRVnQi9A.js                                 8.03 kB │ gzip:   1.95 kB
../../../../../private/tmp/driftgate-snapshot-web-2026-10-07/assets/haml-D5jkg6IW.js                                    8.26 kB │ gzip:   1.81 kB
../../../../../private/tmp/driftgate-snapshot-web-2026-10-07/assets/vue-html-AaS7Mt5G.js                                8.47 kB │ gzip:   1.67 kB
../../../../../private/tmp/driftgate-snapshot-web-2026-10-07/assets/plsql-ChMvpjG-.js                                   8.51 kB │ gzip:   3.02 kB
../../../../../private/tmp/driftgate-snapshot-web-2026-10-07/assets/dart-bE4Kk8sk.js                                    8.62 kB │ gzip:   2.01 kB
../../../../../private/tmp/driftgate-snapshot-web-2026-10-07/assets/horizon-BUw7H-hv.js                                 8.78 kB │ gzip:   1.97 kB
../../../../../private/tmp/driftgate-snapshot-web-2026-10-07/assets/kotlin-BdnUsdx6.js                                  8.79 kB │ gzip:   2.13 kB
../../../../../private/tmp/driftgate-snapshot-web-2026-10-07/assets/horizon-bright-CUuTKBJd.js                          8.79 kB │ gzip:   1.97 kB
../../../../../private/tmp/driftgate-snapshot-web-2026-10-07/assets/make-CHLpvVh8.js                                    8.96 kB │ gzip:   1.76 kB
../../../../../private/tmp/driftgate-snapshot-web-2026-10-07/assets/andromeeda-C4gqWexZ.js                              9.02 kB │ gzip:   2.37 kB
../../../../../private/tmp/driftgate-snapshot-web-2026-10-07/assets/sas-DEy46yEz.js                                     9.06 kB │ gzip:   3.78 kB
../../../../../private/tmp/driftgate-snapshot-web-2026-10-07/assets/dark-plus-C3mMm8J8.js                               9.10 kB │ gzip:   2.10 kB
../../../../../private/tmp/driftgate-snapshot-web-2026-10-07/assets/slack-dark-BthQWCQV.js                              9.12 kB │ gzip:   1.98 kB
../../../../../private/tmp/driftgate-snapshot-web-2026-10-07/assets/smithy-cds9vsN8.js                                  9.13 kB │ gzip:   1.53 kB
../../../../../private/tmp/driftgate-snapshot-web-2026-10-07/assets/sass-Cj5Yp3dK.js                                    9.29 kB │ gzip:   2.49 kB
../../../../../private/tmp/driftgate-snapshot-web-2026-10-07/assets/plastic-3e1v2bzS.js                                 9.30 kB │ gzip:   1.99 kB
../../../../../private/tmp/driftgate-snapshot-web-2026-10-07/assets/slack-ochin-DqwNpetd.js                             9.43 kB │ gzip:   2.11 kB
../../../../../private/tmp/driftgate-snapshot-web-2026-10-07/assets/tex-D96PA37w.js                                     9.67 kB │ gzip:   3.08 kB
../../../../../private/tmp/driftgate-snapshot-web-2026-10-07/assets/jison-wvAkD_A8.js                                   9.69 kB │ gzip:   1.85 kB
../../../../../private/tmp/driftgate-snapshot-web-2026-10-07/assets/cmake-D1j8_8rp.js                                   9.86 kB │ gzip:   3.37 kB
../../../../../private/tmp/driftgate-snapshot-web-2026-10-07/assets/light-plus-B7mTdjB0.js                              9.94 kB │ gzip:   2.29 kB
../../../../../private/tmp/driftgate-snapshot-web-2026-10-07/assets/hcl-BWvSN4gD.js                                    10.05 kB │ gzip:   1.93 kB
../../../../../private/tmp/driftgate-snapshot-web-2026-10-07/assets/pkl-u5AG7uiY.js                                    10.37 kB │ gzip:   1.38 kB
../../../../../private/tmp/driftgate-snapshot-web-2026-10-07/assets/beancount-k_qm7-4y.js                              10.37 kB │ gzip:   1.44 kB
../../../../../private/tmp/driftgate-snapshot-web-2026-10-07/assets/nextflow-groovy-vE_lwT2v.js                        10.44 kB │ gzip:   2.13 kB
../../../../../private/tmp/driftgate-snapshot-web-2026-10-07/assets/dream-maker-BtqSS_iP.js                            10.47 kB │ gzip:   2.25 kB
../../../../../private/tmp/driftgate-snapshot-web-2026-10-07/assets/raku-DXvB9xmW.js                                   10.47 kB │ gzip:   2.97 kB
../../../../../private/tmp/driftgate-snapshot-web-2026-10-07/assets/yaml-Buea-lGh.js                                   10.51 kB │ gzip:   2.26 kB
../../../../../private/tmp/driftgate-snapshot-web-2026-10-07/assets/rst-bs7f0vWN.js                                    10.67 kB │ gzip:   2.42 kB
../../../../../private/tmp/driftgate-snapshot-web-2026-10-07/assets/elm-DbKCFpqz.js                                    10.97 kB │ gzip:   2.11 kB
../../../../../private/tmp/driftgate-snapshot-web-2026-10-07/assets/github-light-DAi9KRSo.js                           11.18 kB │ gzip:   2.52 kB
../../../../../private/tmp/driftgate-snapshot-web-2026-10-07/assets/just-Cwhn7H3k.js                                   11.23 kB │ gzip:   2.77 kB
../../../../../private/tmp/driftgate-snapshot-web-2026-10-07/assets/prolog-CbFg5uaA.js                                 11.36 kB │ gzip:   3.85 kB
../../../../../private/tmp/driftgate-snapshot-web-2026-10-07/assets/terraform-BETggiCN.js                              11.39 kB │ gzip:   2.51 kB
../../../../../private/tmp/driftgate-snapshot-web-2026-10-07/assets/github-dark-DHJKELXO.js                            11.41 kB │ gzip:   2.56 kB
../../../../../private/tmp/driftgate-snapshot-web-2026-10-07/assets/puppet-BMWR74SV.js                                 11.44 kB │ gzip:   2.11 kB
../../../../../private/tmp/driftgate-snapshot-web-2026-10-07/assets/laserwave-DUszq2jm.js                              11.50 kB │ gzip:   2.60 kB
../../../../../private/tmp/driftgate-snapshot-web-2026-10-07/assets/gherkin-DyxjwDmM.js                                11.95 kB │ gzip:   4.94 kB
../../../../../private/tmp/driftgate-snapshot-web-2026-10-07/assets/wasm-MzD3tlZU.js                                   12.01 kB │ gzip:   2.19 kB
../../../../../private/tmp/driftgate-snapshot-web-2026-10-07/assets/hjson-D5-asLiD.js                                  12.05 kB │ gzip:   1.64 kB
../../../../../private/tmp/driftgate-snapshot-web-2026-10-07/assets/surrealql-Cjom0U5J.js                              12.06 kB │ gzip:   3.30 kB
../../../../../private/tmp/driftgate-snapshot-web-2026-10-07/assets/handlebars-BpdQsYii.js                             12.15 kB │ gzip:   2.37 kB
../../../../../private/tmp/driftgate-snapshot-web-2026-10-07/assets/apache-Pmp26Uib.js                                 12.46 kB │ gzip:   3.71 kB
../../../../../private/tmp/driftgate-snapshot-web-2026-10-07/assets/vesper-DRje8inN.js                                 12.73 kB │ gzip:   1.99 kB
../../../../../private/tmp/driftgate-snapshot-web-2026-10-07/assets/bat-CickPsom.js                                    12.89 kB │ gzip:   3.21 kB
../../../../../private/tmp/driftgate-snapshot-web-2026-10-07/assets/fish-BvzEVeQv.js                                   13.04 kB │ gzip:   1.74 kB
../../../../../private/tmp/driftgate-snapshot-web-2026-10-07/assets/nsis-BlV79W_Q.js                                   13.13 kB │ gzip:   4.00 kB
../../../../../private/tmp/driftgate-snapshot-web-2026-10-07/assets/v-BGw2Nkan.js                                      13.33 kB │ gzip:   2.76 kB
../../../../../private/tmp/driftgate-snapshot-web-2026-10-07/assets/vitesse-light-CVO1_9PV.js                          13.62 kB │ gzip:   3.06 kB
../../../../../private/tmp/driftgate-snapshot-web-2026-10-07/assets/aurora-x-D-2ljcwZ.js                               13.66 kB │ gzip:   2.30 kB
../../../../../private/tmp/driftgate-snapshot-web-2026-10-07/assets/vitesse-black-Bkuqu6BP.js                          13.68 kB │ gzip:   3.08 kB
../../../../../private/tmp/driftgate-snapshot-web-2026-10-07/assets/vitesse-dark-D0r3Knsf.js                           13.76 kB │ gzip:   3.08 kB
../../../../../private/tmp/driftgate-snapshot-web-2026-10-07/assets/pug-DKIMFp6K.js                                    13.84 kB │ gzip:   2.57 kB
../../../../../private/tmp/driftgate-snapshot-web-2026-10-07/assets/synthwave-84-CbfX1IO0.js                           14.04 kB │ gzip:   2.88 kB
../../../../../private/tmp/driftgate-snapshot-web-2026-10-07/assets/smalltalk-BOQMe2GC.js                              14.13 kB │ gzip:   2.15 kB
../../../../../private/tmp/driftgate-snapshot-web-2026-10-07/assets/github-light-default-D7oLnXFd.js                   14.16 kB │ gzip:   3.06 kB
../../../../../private/tmp/driftgate-snapshot-web-2026-10-07/assets/github-light-high-contrast-BfjtVDDH.js             14.28 kB │ gzip:   3.04 kB
../../../../../private/tmp/driftgate-snapshot-web-2026-10-07/assets/clarity-Dn5IMItf.js                                14.36 kB │ gzip:   2.51 kB
../../../../../private/tmp/driftgate-snapshot-web-2026-10-07/assets/github-dark-dimmed-DH5Ifo-i.js                     14.43 kB │ gzip:   3.14 kB
../../../../../private/tmp/driftgate-snapshot-web-2026-10-07/assets/github-dark-default-Cuk6v7N8.js                    14.44 kB │ gzip:   3.14 kB
../../../../../private/tmp/driftgate-snapshot-web-2026-10-07/assets/github-dark-high-contrast-E3gJ1_iC.js              14.60 kB │ gzip:   3.10 kB
../../../../../private/tmp/driftgate-snapshot-web-2026-10-07/assets/gnuplot-DdkO51Og.js                                14.78 kB │ gzip:   3.28 kB
../../../../../private/tmp/driftgate-snapshot-web-2026-10-07/assets/rust-B1yitclQ.js                                   15.07 kB │ gzip:   2.70 kB
../../../../../private/tmp/driftgate-snapshot-web-2026-10-07/assets/kusto-wEQ09or8.js                                  15.17 kB │ gzip:   3.95 kB
../../../../../private/tmp/driftgate-snapshot-web-2026-10-07/assets/nix-CwoSXNpI.js                                    15.51 kB │ gzip:   2.49 kB
../../../../../private/tmp/driftgate-snapshot-web-2026-10-07/assets/lua-BaeVxFsk.js                                    15.54 kB │ gzip:   3.17 kB
../../../../../private/tmp/driftgate-snapshot-web-2026-10-07/assets/actionscript-3-B3316cI-.js                         15.54 kB │ gzip:   2.70 kB
../../../../../private/tmp/driftgate-snapshot-web-2026-10-07/assets/abap-BdImnpbu.js                                   15.85 kB │ gzip:   5.90 kB
../../../../../private/tmp/driftgate-snapshot-web-2026-10-07/assets/matlab-D7o27uSR.js                                 16.09 kB │ gzip:   3.05 kB
../../../../../private/tmp/driftgate-snapshot-web-2026-10-07/assets/luau-BnpPk5vE.js                                   16.14 kB │ gzip:   3.56 kB
../../../../../private/tmp/driftgate-snapshot-web-2026-10-07/assets/cue-D82EKSYY.js                                    16.20 kB │ gzip:   2.05 kB
../../../../../private/tmp/driftgate-snapshot-web-2026-10-07/assets/elixir-CkH2-t6x.js                                 16.32 kB │ gzip:   2.79 kB
../../../../../private/tmp/driftgate-snapshot-web-2026-10-07/assets/solidity-DijEV5ha.js                               16.41 kB │ gzip:   3.16 kB
../../../../../private/tmp/driftgate-snapshot-web-2026-10-07/assets/odin-BBf5iR-q.js                                   16.51 kB │ gzip:   2.94 kB
../../../../../private/tmp/driftgate-snapshot-web-2026-10-07/assets/ts-tags-D351s5mN.js                                16.57 kB │ gzip:   2.05 kB
../../../../../private/tmp/driftgate-snapshot-web-2026-10-07/assets/kanagawa-wave-DFGoQZhC.js                          17.12 kB │ gzip:   2.94 kB
../../../../../private/tmp/driftgate-snapshot-web-2026-10-07/assets/kanagawa-lotus-C3DzagqV.js                         17.12 kB │ gzip:   2.94 kB
../../../../../private/tmp/driftgate-snapshot-web-2026-10-07/assets/kanagawa-dragon-BuwD2xS4.js                        17.12 kB │ gzip:   2.95 kB
../../../../../private/tmp/driftgate-snapshot-web-2026-10-07/assets/move-el3G9tDJ.js                                   17.66 kB │ gzip:   3.05 kB
../../../../../private/tmp/driftgate-snapshot-web-2026-10-07/assets/graphql-ChdNCCLP.js                                18.00 kB │ gzip:   2.52 kB
../../../../../private/tmp/driftgate-snapshot-web-2026-10-07/assets/liquid-C0sCDyMI.js                                 18.09 kB │ gzip:   3.17 kB
../../../../../private/tmp/driftgate-snapshot-web-2026-10-07/assets/svelte-Cy7k_4gC.js                                 18.24 kB │ gzip:   3.14 kB
../../../../../private/tmp/driftgate-snapshot-web-2026-10-07/assets/material-theme-D5KoaKCx.js                         18.62 kB │ gzip:   3.13 kB
../../../../../private/tmp/driftgate-snapshot-web-2026-10-07/assets/material-theme-darker-BfHTSMKl.js                  18.63 kB │ gzip:   3.12 kB
../../../../../private/tmp/driftgate-snapshot-web-2026-10-07/assets/material-theme-ocean-CyktbL80.js                   18.63 kB │ gzip:   3.15 kB
../../../../../private/tmp/driftgate-snapshot-web-2026-10-07/assets/material-theme-lighter-B0m2ddpp.js                 18.63 kB │ gzip:   3.13 kB
../../../../../private/tmp/driftgate-snapshot-web-2026-10-07/assets/material-theme-palenight-Csfq5Kiy.js               18.64 kB │ gzip:   3.14 kB
../../../../../private/tmp/driftgate-snapshot-web-2026-10-07/assets/gdscript-DqcFQ5yU.js                               19.09 kB │ gzip:   3.77 kB
../../../../../private/tmp/driftgate-snapshot-web-2026-10-07/assets/groovy-gcz8RCvz.js                                 19.18 kB │ gzip:   3.59 kB
../../../../../private/tmp/driftgate-snapshot-web-2026-10-07/assets/glimmer-js-ByusRIyA.js                             20.07 kB │ gzip:   2.94 kB
../../../../../private/tmp/driftgate-snapshot-web-2026-10-07/assets/glimmer-ts-BfAWNZQY.js                             20.07 kB │ gzip:   2.94 kB
../../../../../private/tmp/driftgate-snapshot-web-2026-10-07/assets/ayu-dark-DYE7WIF3.js                               20.08 kB │ gzip:   3.97 kB
../../../../../private/tmp/driftgate-snapshot-web-2026-10-07/assets/ayu-mirage-32ctXXKs.js                             20.09 kB │ gzip:   3.96 kB
../../../../../private/tmp/driftgate-snapshot-web-2026-10-07/assets/ayu-light-BA47KaF1.js                              20.15 kB │ gzip:   3.95 kB
../../../../../private/tmp/driftgate-snapshot-web-2026-10-07/assets/powershell-BmBUJMz7.js                             20.16 kB │ gzip:   4.07 kB
../../../../../private/tmp/driftgate-snapshot-web-2026-10-07/assets/mdc-D1_yUvq7.js                                    20.18 kB │ gzip:   6.83 kB
../../../../../private/tmp/driftgate-snapshot-web-2026-10-07/assets/viml-CJc9bBzg.js                                   20.37 kB │ gzip:   6.76 kB
../../../../../private/tmp/driftgate-snapshot-web-2026-10-07/assets/snazzy-light-Bw305WKR.js                           20.77 kB │ gzip:   3.85 kB
../../../../../private/tmp/driftgate-snapshot-web-2026-10-07/assets/nushell-D3jzshHO.js                                20.88 kB │ gzip:   5.39 kB
../../../../../private/tmp/driftgate-snapshot-web-2026-10-07/assets/dracula-BzJJZx-M.js                                21.07 kB │ gzip:   4.03 kB
../../../../../private/tmp/driftgate-snapshot-web-2026-10-07/assets/dracula-soft-BXkSAIEj.js                           21.08 kB │ gzip:   4.07 kB
../../../../../private/tmp/driftgate-snapshot-web-2026-10-07/assets/wit-5i3qLPDT.js                                    21.47 kB │ gzip:   2.88 kB
../../../../../private/tmp/driftgate-snapshot-web-2026-10-07/assets/rose-pine-5qJOZa0Y.js                              21.74 kB │ gzip:   3.91 kB
../../../../../private/tmp/driftgate-snapshot-web-2026-10-07/assets/rose-pine-moon-C9pEdX9L.js                         21.75 kB │ gzip:   3.92 kB
../../../../../private/tmp/driftgate-snapshot-web-2026-10-07/assets/rose-pine-dawn-zx0QlTCp.js                         21.75 kB │ gzip:   3.92 kB
../../../../../private/tmp/driftgate-snapshot-web-2026-10-07/assets/twig-27uCiNez.js                                   21.98 kB │ gzip:   3.97 kB
../../../../../private/tmp/driftgate-snapshot-web-2026-10-07/assets/nim-BIad80T-.js                                    22.46 kB │ gzip:   3.16 kB
../../../../../private/tmp/driftgate-snapshot-web-2026-10-07/assets/common-lisp-Cg-RD9OK.js                            22.58 kB │ gzip:   6.09 kB
../../../../../private/tmp/driftgate-snapshot-web-2026-10-07/assets/gruvbox-dark-hard-CFHQjOhq.js                      22.63 kB │ gzip:   4.20 kB
../../../../../private/tmp/driftgate-snapshot-web-2026-10-07/assets/gruvbox-dark-soft-CVdnzihN.js                      22.63 kB │ gzip:   4.20 kB
../../../../../private/tmp/driftgate-snapshot-web-2026-10-07/assets/gruvbox-light-hard-CH1njM8p.js                     22.64 kB │ gzip:   4.21 kB
../../../../../private/tmp/driftgate-snapshot-web-2026-10-07/assets/gruvbox-light-soft-hJgmCMqR.js                     22.64 kB │ gzip:   4.21 kB
../../../../../private/tmp/driftgate-snapshot-web-2026-10-07/assets/gruvbox-dark-medium-GsRaNv29.js                    22.64 kB │ gzip:   4.20 kB
../../../../../private/tmp/driftgate-snapshot-web-2026-10-07/assets/gruvbox-light-medium-DRw_LuNl.js                   22.64 kB │ gzip:   4.21 kB
../../../../../private/tmp/driftgate-snapshot-web-2026-10-07/assets/sql-CRqJ_cUM.js                                    23.43 kB │ gzip:   7.44 kB
../../../../../private/tmp/driftgate-snapshot-web-2026-10-07/assets/cadence-Bv_4Rxtq.js                                23.67 kB │ gzip:   3.67 kB
../../../../../private/tmp/driftgate-snapshot-web-2026-10-07/assets/astro-HNnZUWAn.js                                  24.01 kB │ gzip:   7.58 kB
../../../../../private/tmp/driftgate-snapshot-web-2026-10-07/assets/apl-CORt7UWP.js                                    24.04 kB │ gzip:   4.17 kB
../../../../../private/tmp/driftgate-snapshot-web-2026-10-07/assets/templ-DhtptRzy.js                                  24.06 kB │ gzip:   5.41 kB
../../../../../private/tmp/driftgate-snapshot-web-2026-10-07/assets/vhdl-CeAyd5Ju.js                                   24.26 kB │ gzip:   3.89 kB
../../../../../private/tmp/driftgate-snapshot-web-2026-10-07/assets/angular-html-DA-rfuFy.js                           24.29 kB │ gzip:   4.00 kB
../../../../../private/tmp/driftgate-snapshot-web-2026-10-07/assets/purescript-CklMAg4u.js                             24.69 kB │ gzip:   3.24 kB
../../../../../private/tmp/driftgate-snapshot-web-2026-10-07/assets/moonbit-CHtswR0a.js                                24.94 kB │ gzip:   3.79 kB
../../../../../private/tmp/driftgate-snapshot-web-2026-10-07/assets/vue-BqiEGhQt.js                                    24.96 kB │ gzip:   3.04 kB
../../../../../private/tmp/driftgate-snapshot-web-2026-10-07/assets/typespec-CAFt9gP4.js                               25.05 kB │ gzip:   2.62 kB
../../../../../private/tmp/driftgate-snapshot-web-2026-10-07/assets/one-light-C3Wv6jpd.js                              25.30 kB │ gzip:   3.68 kB
../../../../../private/tmp/driftgate-snapshot-web-2026-10-07/assets/fsharp-CXgrBDvD.js                                 25.31 kB │ gzip:   4.13 kB
../../../../../private/tmp/driftgate-snapshot-web-2026-10-07/assets/marko-DjSrsDqO.js                                  25.48 kB │ gzip:   3.59 kB
../../../../../private/tmp/driftgate-snapshot-web-2026-10-07/assets/night-owl-light-CMTm3GFP.js                        25.90 kB │ gzip:   4.28 kB
../../../../../private/tmp/driftgate-snapshot-web-2026-10-07/assets/c3-Dp5svz6Z.js                                     26.39 kB │ gzip:   3.99 kB
../../../../../private/tmp/driftgate-snapshot-web-2026-10-07/assets/system-verilog-0hqHdDBg.js                         26.56 kB │ gzip:   4.87 kB
../../../../../private/tmp/driftgate-snapshot-web-2026-10-07/assets/nord-Ddv68eIx.js                                   26.72 kB │ gzip:   4.41 kB
../../../../../private/tmp/driftgate-snapshot-web-2026-10-07/assets/codeql-DsOJ9woJ.js                                 26.88 kB │ gzip:   3.80 kB
../../../../../private/tmp/driftgate-snapshot-web-2026-10-07/assets/scss-D5BDwBP9.js                                   27.20 kB │ gzip:   4.20 kB
../../../../../private/tmp/driftgate-snapshot-web-2026-10-07/assets/java-CylS5w8V.js                                   27.22 kB │ gzip:   4.27 kB
../../../../../private/tmp/driftgate-snapshot-web-2026-10-07/assets/coffee-Ch7k5sss.js                                 27.42 kB │ gzip:   6.35 kB
../../../../../private/tmp/driftgate-snapshot-web-2026-10-07/assets/razor-BjBPvh-w.js                                  27.51 kB │ gzip:   3.56 kB
../../../../../private/tmp/driftgate-snapshot-web-2026-10-07/assets/scala-CqE71os6.js                                  28.89 kB │ gzip:   3.93 kB
../../../../../private/tmp/driftgate-snapshot-web-2026-10-07/assets/night-owl-C39BiMTA.js                              28.91 kB │ gzip:   5.18 kB
../../../../../private/tmp/driftgate-snapshot-web-2026-10-07/assets/crystal-DGywbUpC.js                                29.39 kB │ gzip:   4.42 kB
../../../../../private/tmp/driftgate-snapshot-web-2026-10-07/assets/applescript-Co6uUVPk.js                            29.57 kB │ gzip:   5.96 kB
../../../../../private/tmp/driftgate-snapshot-web-2026-10-07/assets/pierre-dark-CyvmCCZW.js                            30.55 kB │ gzip:   4.79 kB
../../../../../private/tmp/driftgate-snapshot-web-2026-10-07/assets/pierre-light-480U9XYS.js                           30.55 kB │ gzip:   4.78 kB
../../../../../private/tmp/driftgate-snapshot-web-2026-10-07/assets/pierre-dark-soft-BHGpRqa4.js                       30.56 kB │ gzip:   4.82 kB
../../../../../private/tmp/driftgate-snapshot-web-2026-10-07/assets/pierre-light-soft-CVdyfjmI.js                      30.56 kB │ gzip:   4.79 kB
../../../../../private/tmp/driftgate-snapshot-web-2026-10-07/assets/pierre-dark-tritanopia-Beq2gCRQ.js                 30.57 kB │ gzip:   4.73 kB
../../../../../private/tmp/driftgate-snapshot-web-2026-10-07/assets/pierre-light-tritanopia-B4_gpKOM.js                30.57 kB │ gzip:   4.73 kB
../../../../../private/tmp/driftgate-snapshot-web-2026-10-07/assets/pierre-dark-protanopia-deuteranopia-Rgc0TwpF.js    30.60 kB │ gzip:   4.82 kB
../../../../../private/tmp/driftgate-snapshot-web-2026-10-07/assets/pierre-light-protanopia-deuteranopia-CaVOBURG.js   30.60 kB │ gzip:   4.77 kB
../../../../../private/tmp/driftgate-snapshot-web-2026-10-07/assets/stylus-BEDo0Tqx.js                                 31.07 kB │ gzip:   8.02 kB
../../../../../private/tmp/driftgate-snapshot-web-2026-10-07/assets/julia-5Bft2YPA.js                                  31.08 kB │ gzip:   4.29 kB
../../../../../private/tmp/driftgate-snapshot-web-2026-10-07/assets/ahk-CsyLZFj1.js                                    31.44 kB │ gzip:   7.76 kB
../../../../../private/tmp/driftgate-snapshot-web-2026-10-07/assets/poimandres-CS3Unz2-.js                             33.49 kB │ gzip:   5.53 kB
../../../../../private/tmp/driftgate-snapshot-web-2026-10-07/assets/one-dark-pro-DVMEJ2y_.js                           33.79 kB │ gzip:   5.54 kB
../../../../../private/tmp/driftgate-snapshot-web-2026-10-07/assets/bsl-DlhNcFeZ.js                                    33.95 kB │ gzip:   8.31 kB
../../../../../private/tmp/driftgate-snapshot-web-2026-10-07/assets/nginx-BpAMiNFr.js                                  35.37 kB │ gzip:   4.46 kB
../../../../../private/tmp/driftgate-snapshot-web-2026-10-07/assets/houston-DnULxvSX.js                                35.42 kB │ gzip:   5.80 kB
../../../../../private/tmp/driftgate-snapshot-web-2026-10-07/assets/tokyo-night-hegEt444.js                            35.67 kB │ gzip:   6.26 kB
../../../../../private/tmp/driftgate-snapshot-web-2026-10-07/assets/haxe-CfZj7gIn.js                                   35.95 kB │ gzip:   6.03 kB
../../../../../private/tmp/driftgate-snapshot-web-2026-10-07/assets/org-DM6o9KBp.js                                    36.32 kB │ gzip:   3.68 kB
../../../../../private/tmp/driftgate-snapshot-web-2026-10-07/assets/erlang-DsQrWhSR.js                                 37.48 kB │ gzip:   4.40 kB
../../../../../private/tmp/driftgate-snapshot-web-2026-10-07/assets/bird2-Bx8U0n9b.js                                  38.68 kB │ gzip:   8.51 kB
../../../../../private/tmp/driftgate-snapshot-web-2026-10-07/assets/cobol-nBiQ_Alo.js                                  39.13 kB │ gzip:  10.86 kB
../../../../../private/tmp/driftgate-snapshot-web-2026-10-07/assets/asm-D_Q5rh1f.js                                    40.72 kB │ gzip:   8.24 kB
../../../../../private/tmp/driftgate-snapshot-web-2026-10-07/assets/shellscript-Yzrsuije.js                            41.48 kB │ gzip:   6.10 kB
../../../../../private/tmp/driftgate-snapshot-web-2026-10-07/assets/haskell-Df6bDoY_.js                                41.49 kB │ gzip:   6.42 kB
../../../../../private/tmp/driftgate-snapshot-web-2026-10-07/assets/perl-B9cMNwum.js                                   43.16 kB │ gzip:   4.66 kB
../../../../../private/tmp/driftgate-snapshot-web-2026-10-07/assets/d-85-TOEBH.js                                      43.80 kB │ gzip:   8.44 kB
../../../../../private/tmp/driftgate-snapshot-web-2026-10-07/assets/pierre-dark-vibrant-BWBVywrn.js                    44.76 kB │ gzip:   5.35 kB
../../../../../private/tmp/driftgate-snapshot-web-2026-10-07/assets/pierre-light-vibrant-DdTDNdfJ.js                   44.76 kB │ gzip:   5.33 kB
../../../../../private/tmp/driftgate-snapshot-web-2026-10-07/assets/ahk2-8Zs4aa1G.js                                   45.07 kB │ gzip:   9.82 kB
../../../../../private/tmp/driftgate-snapshot-web-2026-10-07/assets/ruby-C0TQ7zu5.js                                   46.72 kB │ gzip:   5.85 kB
../../../../../private/tmp/driftgate-snapshot-web-2026-10-07/assets/go-C27-OAKa.js                                     46.82 kB │ gzip:   5.19 kB
../../../../../private/tmp/driftgate-snapshot-web-2026-10-07/assets/apex-DhZFqWV2.js                                   47.89 kB │ gzip:   6.91 kB
../../../../../private/tmp/driftgate-snapshot-web-2026-10-07/assets/ada-bCR0ucgS.js                                    48.08 kB │ gzip:   6.09 kB
../../../../../private/tmp/driftgate-snapshot-web-2026-10-07/assets/css-CLj8gQPS.js                                    49.04 kB │ gzip:  11.86 kB
../../../../../private/tmp/driftgate-snapshot-web-2026-10-07/assets/imba-DGztddWO.js                                   49.93 kB │ gzip:   9.47 kB
../../../../../private/tmp/driftgate-snapshot-web-2026-10-07/assets/catppuccin-mocha-Ct7hS0mc.js                       50.85 kB │ gzip:   8.54 kB
../../../../../private/tmp/driftgate-snapshot-web-2026-10-07/assets/catppuccin-latte-DH-8KZSZ.js                       50.85 kB │ gzip:   8.54 kB
../../../../../private/tmp/driftgate-snapshot-web-2026-10-07/assets/catppuccin-frappe-CZL1YF0i.js                      50.85 kB │ gzip:   8.55 kB
../../../../../private/tmp/driftgate-snapshot-web-2026-10-07/assets/catppuccin-macchiato-B7yYVSCf.js                   50.86 kB │ gzip:   8.55 kB
../../../../../private/tmp/driftgate-snapshot-web-2026-10-07/assets/everforest-dark-BgDCqdQA.js                        53.75 kB │ gzip:   8.46 kB
../../../../../private/tmp/driftgate-snapshot-web-2026-10-07/assets/everforest-light-C8M2exoo.js                       53.75 kB │ gzip:   8.46 kB
../../../../../private/tmp/driftgate-snapshot-web-2026-10-07/assets/mermaid-CQcHuHx7.js                                54.81 kB │ gzip:   4.81 kB
../../../../../private/tmp/driftgate-snapshot-web-2026-10-07/assets/wikitext-BhOHFoWU.js                               55.89 kB │ gzip:   4.72 kB
../../../../../private/tmp/driftgate-snapshot-web-2026-10-07/assets/stata-DI20mbqo.js                                  56.99 kB │ gzip:  12.32 kB
../../../../../private/tmp/driftgate-snapshot-web-2026-10-07/assets/html-pp8916En.js                                   57.25 kB │ gzip:  11.75 kB
../../../../../private/tmp/driftgate-snapshot-web-2026-10-07/assets/ballerina-BFfxhgS-.js                              58.69 kB │ gzip:   8.19 kB
../../../../../private/tmp/driftgate-snapshot-web-2026-10-07/assets/markdown-Cvjx9yec.js                               59.34 kB │ gzip:   5.63 kB
../../../../../private/tmp/driftgate-snapshot-web-2026-10-07/assets/ocaml-C0hk2d4L.js                                  62.45 kB │ gzip:   5.04 kB
../../../../../private/tmp/driftgate-snapshot-web-2026-10-07/assets/mojo-DJz3ZmWd.js                                   69.52 kB │ gzip:   9.29 kB
../../../../../private/tmp/driftgate-snapshot-web-2026-10-07/assets/python-B6aJPvgy.js                                 69.95 kB │ gzip:   9.16 kB
../../../../../private/tmp/driftgate-snapshot-web-2026-10-07/assets/c-BIGW1oBm.js                                      72.11 kB │ gzip:  10.48 kB
../../../../../private/tmp/driftgate-snapshot-web-2026-10-07/assets/latex-D5pSuvFb.js                                  72.90 kB │ gzip:   6.78 kB
../../../../../private/tmp/driftgate-snapshot-web-2026-10-07/assets/vyper-CDx5xZoG.js                                  74.65 kB │ gzip:  10.74 kB
../../../../../private/tmp/driftgate-snapshot-web-2026-10-07/assets/hack-BWmVpMyf.js                                   81.13 kB │ gzip:  26.26 kB
../../../../../private/tmp/driftgate-snapshot-web-2026-10-07/assets/swift-C2oV4EkX.js                                  87.23 kB │ gzip:  14.81 kB
../../../../../private/tmp/driftgate-snapshot-web-2026-10-07/assets/fortran-free-form-BxgE0vQu.js                      88.97 kB │ gzip:  11.28 kB
../../../../../private/tmp/driftgate-snapshot-web-2026-10-07/assets/csharp-DSvCPggb.js                                 90.19 kB │ gzip:  10.79 kB
../../../../../private/tmp/driftgate-snapshot-web-2026-10-07/assets/racket-BqYA7rlc.js                                 92.39 kB │ gzip:  15.08 kB
../../../../../private/tmp/driftgate-snapshot-web-2026-10-07/assets/less-B1dDrJ26.js                                   97.63 kB │ gzip:  14.79 kB
../../../../../private/tmp/driftgate-snapshot-web-2026-10-07/assets/blade-2xfisSek.js                                 104.98 kB │ gzip:  28.05 kB
../../../../../private/tmp/driftgate-snapshot-web-2026-10-07/assets/objective-c-DXmwc3jG.js                           105.41 kB │ gzip:  23.35 kB
../../../../../private/tmp/driftgate-snapshot-web-2026-10-07/assets/php-Csjmro_R.js                                   113.09 kB │ gzip:  28.69 kB
../../../../../private/tmp/driftgate-snapshot-web-2026-10-07/assets/asciidoc-CSVQ5wI8.js                              136.05 kB │ gzip:   9.49 kB
../../../../../private/tmp/driftgate-snapshot-web-2026-10-07/assets/mdx-Cmh6b_Ma.js                                   136.11 kB │ gzip:  23.58 kB
../../../../../private/tmp/driftgate-snapshot-web-2026-10-07/assets/typst-BUadGCkm.js                                 163.55 kB │ gzip:  10.97 kB
../../../../../private/tmp/driftgate-snapshot-web-2026-10-07/assets/objective-cpp-CLxacb5B.js                         171.97 kB │ gzip:  30.74 kB
../../../../../private/tmp/driftgate-snapshot-web-2026-10-07/assets/javascript-wDzz0qaB.js                            174.83 kB │ gzip:  16.60 kB
../../../../../private/tmp/driftgate-snapshot-web-2026-10-07/assets/tsx-COt5Ahok.js                                   175.54 kB │ gzip:  16.59 kB
../../../../../private/tmp/driftgate-snapshot-web-2026-10-07/assets/jsx-g9-lgVsj.js                                   177.79 kB │ gzip:  16.72 kB
../../../../../private/tmp/driftgate-snapshot-web-2026-10-07/assets/typescript-BPQ3VLAy.js                            181.08 kB │ gzip:  16.11 kB
../../../../../private/tmp/driftgate-snapshot-web-2026-10-07/assets/angular-ts-BrjP3tb8.js                            183.82 kB │ gzip:  16.70 kB
../../../../../private/tmp/driftgate-snapshot-web-2026-10-07/assets/vue-vine-BoDAl6tE.js                              190.05 kB │ gzip:  18.04 kB
../../../../../private/tmp/driftgate-snapshot-web-2026-10-07/assets/wolfram-lXgVvXCa.js                               262.39 kB │ gzip:  77.07 kB
../../../../../private/tmp/driftgate-snapshot-web-2026-10-07/assets/index-D_PiEryK.js                                 528.69 kB │ gzip: 149.72 kB
../../../../../private/tmp/driftgate-snapshot-web-2026-10-07/assets/wasm-CG6Dc4jp.js                                  622.34 kB │ gzip: 231.16 kB
../../../../../private/tmp/driftgate-snapshot-web-2026-10-07/assets/cpp-BMRokrvK.js                                   785.49 kB │ gzip:  53.23 kB
../../../../../private/tmp/driftgate-snapshot-web-2026-10-07/assets/emacs-lisp-C_m_b--Z.js                            790.01 kB │ gzip: 199.35 kB
../../../../../private/tmp/driftgate-snapshot-web-2026-10-07/assets/index-Cj4j70RM.js                                 969.98 kB │ gzip: 279.73 kB

(!) Some chunks are larger than 500 kB after minification. Consider:
- Using dynamic import() to code-split the application
- Use build.rollupOptions.output.manualChunks to improve chunking: https://rollupjs.org/configuration-options/#output-manualchunks
- Adjust chunk size limit for this warning via build.chunkSizeWarningLimit.
✓ built in 1.85s
